// Jest Snapshot v1, https://goo.gl/fbAQLP

exports[`Copyright component renders correctly 1`] = `ShallowWrapper {}`;
