// Jest Snapshot v1, https://goo.gl/fbAQLP

exports[`Textbox component renders correctly 1`] = `ShallowWrapper {}`;
