// Jest Snapshot v1, https://goo.gl/fbAQLP

exports[`Image component renders correctly 1`] = `ShallowWrapper {}`;
