// Jest Snapshot v1, https://goo.gl/fbAQLP

exports[`Col component renders correctly 1`] = `ShallowWrapper {}`;
