// Jest Snapshot v1, https://goo.gl/fbAQLP

exports[`Row component renders correctly 1`] = `ShallowWrapper {}`;
