// Jest Snapshot v1, https://goo.gl/fbAQLP

exports[`PromotionalArea component renders correctly 1`] = `ShallowWrapper {}`;
